(node:115592) [MONGOOSE] Warning: Duplicate schema index on {"username":1} found. This is often due to declaring an index using both "index: true" and "schema.index()". Please remove the duplicate index definition.
(Use `node --trace-warnings ...` to show where the warning was created)
[push] Firebase service account is not configured. Push notifications are disabled.
❌ API Error {
  requestId: '500be034-9c19-4710-9c4a-087e5b1b35f9',
  method: 'POST',
  path: '/api/notifications/heartbeat',
  status: 401,
  code: 'UNAUTHORIZED',
  message: 'Authentication required'
}
❌ API Error {
  requestId: '29c9cc83-135c-4f2d-b4cd-05411d8b3f09',
  method: 'GET',
  path: '/api/users/me',
  status: 401,
  code: 'INVALID_TOKEN',
  message: 'Invalid or expired access token'
}
❌ API Error {
  requestId: '5075aa0b-1ce0-4b7c-9997-c22960c14a39',
  method: 'GET',
  path: '/api/users/me',
  status: 401,
  code: 'INVALID_TOKEN',
  message: 'Invalid or expired access token'
}
❌ API Error {
  requestId: '46776fcc-63a6-40bd-a413-af5e2886e1a7',
  method: 'PATCH',
  path: '/api/admin/users/69d4e2215588e440956a243d',
  status: 400,
  code: 'BAD_REQUEST',
  message: 'No valid fields provided'
}
❌ API Error {
  requestId: '55b90e57-13d3-4d5a-a802-ad263a3259a3',
  method: 'PATCH',
  path: '/api/admin/users/69d4e2215588e440956a243d',
  status: 400,
  code: 'BAD_REQUEST',
  message: 'No valid fields provided'
}
❌ API Error {
  requestId: '4d8a0e54-1bd5-411d-a044-9bca6d07a2cb',
  method: 'PATCH',
  path: '/api/admin/users/69d4e2215588e440956a243d',
  status: 400,
  code: 'BAD_REQUEST',
  message: 'No valid fields provided'
}
❌ API Error {
  requestId: '2abe37d1-508b-4c7f-b42e-0b300e02c95b',
  method: 'PATCH',
  path: '/api/admin/users/69d4e2215588e440956a243d',
  status: 400,
  code: 'BAD_REQUEST',
  message: 'No valid fields provided'
}
❌ API Error {
  requestId: '5d3bb844-76cf-4849-8ec8-52b5e8f4e06a',
  method: 'PATCH',
  path: '/api/admin/users/69d4f1b45588e440956a24b0',
  status: 400,
  code: 'BAD_REQUEST',
  message: 'No valid fields provided'
}
❌ API Error {
  requestId: '3474798c-0ef8-4543-aafc-1565f1afcc1e',
  method: 'GET',
  path: '/api/admin/users',
  status: 401,
  code: 'INVALID_TOKEN',
  message: 'Invalid or expired access token'
}
❌ API Error {
  requestId: '260e8f5a-3210-484c-8503-a430f2cc81c6',
  method: 'GET',
  path: '/api/admin/users',
  status: 401,
  code: 'INVALID_TOKEN',
  message: 'Invalid or expired access token'
}
❌ API Error {
  requestId: 'e6a4ecdf-cc69-49ee-b294-f16657b16073',
  method: 'GET',
  path: '/api/admin/users',
  status: 401,
  code: 'INVALID_TOKEN',
  message: 'Invalid or expired access token'
}
❌ API Error {
  requestId: '84f36133-bbe6-4c92-9146-a1b3c967b943',
  method: 'GET',
  path: '/api/admin/users',
  status: 401,
  code: 'INVALID_TOKEN',
  message: 'Invalid or expired access token'
}
❌ API Error {
  requestId: '00f28040-8328-4de2-b72a-ea61b8c9e604',
  method: 'GET',
  path: '/api/admin/users',
  status: 401,
  code: 'INVALID_TOKEN',
  message: 'Invalid or expired access token'
}
❌ API Error {
  requestId: '791917a9-ff64-4c26-8052-18cc81e71221',
  method: 'GET',
  path: '/api/admin/users',
  status: 401,
  code: 'INVALID_TOKEN',
  message: 'Invalid or expired access token'
}
❌ API Error {
  requestId: 'e2fe2754-8f40-4b35-8a77-8da0254255d8',
  method: 'GET',
  path: '/api/admin/users',
  status: 401,
  code: 'INVALID_TOKEN',
  message: 'Invalid or expired access token'
}
❌ API Error {
  requestId: '75b35dad-3c2f-449a-b15f-68b1255643a5',
  method: 'GET',
  path: '/api/admin/users',
  status: 401,
  code: 'INVALID_TOKEN',
  message: 'Invalid or expired access token'
}
❌ API Error {
  requestId: 'b0c6c7bd-ac25-4082-a7ce-bdf929bc43ed',
  method: 'GET',
  path: '/api/admin/users',
  status: 401,
  code: 'INVALID_TOKEN',
  message: 'Invalid or expired access token'
}
❌ API Error {
  requestId: '3c379fc8-8760-43b5-ae3e-e12e3395b047',
  method: 'GET',
  path: '/api/admin/users',
  status: 401,
  code: 'INVALID_TOKEN',
  message: 'Invalid or expired access token'
}
❌ API Error {
  requestId: '94946fb1-835c-4ae2-82cf-0c05dc135e38',
  method: 'GET',
  path: '/api/admin/users',
  status: 401,
  code: 'INVALID_TOKEN',
  message: 'Invalid or expired access token'
}
❌ API Error {
  requestId: 'a4a830e4-e87e-45f1-bd94-af6c9abb39a8',
  method: 'GET',
  path: '/api/admin/users',
  status: 401,
  code: 'INVALID_TOKEN',
  message: 'Invalid or expired access token'
}
❌ API Error {
  requestId: 'e8a07eb8-dc44-47ee-9167-afc3c58e1b42',
  method: 'GET',
  path: '/api/admin/users',
  status: 401,
  code: 'INVALID_TOKEN',
  message: 'Invalid or expired access token'
}
❌ API Error {
  requestId: 'c22a2a8d-c3d5-46d4-aa41-b161f3c35f63',
  method: 'GET',
  path: '/api/admin/users',
  status: 401,
  code: 'INVALID_TOKEN',
  message: 'Invalid or expired access token'
}
❌ API Error {
  requestId: 'c80d53c5-e9c6-4e92-9952-152a5a2af3ea',
  method: 'GET',
  path: '/api/admin/users',
  status: 401,
  code: 'INVALID_TOKEN',
  message: 'Invalid or expired access token'
}
❌ API Error {
  requestId: '71ad3cf4-b4d9-45f5-93a7-89d33c6214b0',
  method: 'GET',
  path: '/api/admin/users',
  status: 401,
  code: 'INVALID_TOKEN',
  message: 'Invalid or expired access token'
}
❌ API Error {
  requestId: '618180f5-820b-4f81-b1d7-fe955c04cec5',
  method: 'GET',
  path: '/api/admin/users',
  status: 401,
  code: 'INVALID_TOKEN',
  message: 'Invalid or expired access token'
}
❌ API Error {
  requestId: '06068e5c-129f-4fd7-9d89-92fdf0ad2b6a',
  method: 'GET',
  path: '/api/admin/users',
  status: 401,
  code: 'INVALID_TOKEN',
  message: 'Invalid or expired access token'
}
❌ API Error {
  requestId: '2bbab96d-8db4-4b85-827d-14eca4f549c1',
  method: 'GET',
  path: '/api/admin/users',
  status: 401,
  code: 'INVALID_TOKEN',
  message: 'Invalid or expired access token'
}
❌ API Error {
  requestId: '078e7f05-3b86-4c6d-9a1b-df78e346c418',
  method: 'GET',
  path: '/api/admin/users',
  status: 401,
  code: 'INVALID_TOKEN',
  message: 'Invalid or expired access token'
}
❌ API Error {
  requestId: '2871cdd2-40b4-4184-9423-40097877225b',
  method: 'GET',
  path: '/api/admin/users',
  status: 401,
  code: 'INVALID_TOKEN',
  message: 'Invalid or expired access token'
}
❌ API Error {
  requestId: '030d37a3-277f-4303-aa03-7e5facb649ee',
  method: 'GET',
  path: '/api/admin/users',
  status: 401,
  code: 'INVALID_TOKEN',
  message: 'Invalid or expired access token'
}
❌ API Error {
  requestId: '55f65f21-c19f-4fad-89f9-153e1b145f7a',
  method: 'GET',
  path: '/api/admin/users',
  status: 401,
  code: 'INVALID_TOKEN',
  message: 'Invalid or expired access token'
}
❌ API Error {
  requestId: '3b6bbb53-9310-4c95-a8de-067158331dae',
  method: 'GET',
  path: '/api/admin/users',
  status: 401,
  code: 'INVALID_TOKEN',
  message: 'Invalid or expired access token'
}
❌ API Error {
  requestId: '07bb8648-4688-47e3-8580-c9648689e21b',
  method: 'GET',
  path: '/api/admin/users',
  status: 401,
  code: 'INVALID_TOKEN',
  message: 'Invalid or expired access token'
}
❌ API Error {
  requestId: 'c64535cb-4937-4800-b1b4-e513a85e66b6',
  method: 'GET',
  path: '/api/admin/users',
  status: 401,
  code: 'INVALID_TOKEN',
  message: 'Invalid or expired access token'
}
❌ API Error {
  requestId: '46083e29-d392-49a3-9f58-4619a02cf4ce',
  method: 'GET',
  path: '/api/admin/users',
  status: 401,
  code: 'INVALID_TOKEN',
  message: 'Invalid or expired access token'
}
❌ API Error {
  requestId: '838641f8-50bd-4dec-86c4-73a616c4a2cc',
  method: 'GET',
  path: '/api/admin/users',
  status: 401,
  code: 'INVALID_TOKEN',
  message: 'Invalid or expired access token'
}
❌ API Error {
  requestId: '7eef90a0-2cfd-46e7-a857-16e3f54bded3',
  method: 'GET',
  path: '/api/admin/users',
  status: 401,
  code: 'INVALID_TOKEN',
  message: 'Invalid or expired access token'
}
❌ API Error {
  requestId: '3c3b2cc5-5944-461c-9a49-7a24ef8745e5',
  method: 'GET',
  path: '/api/admin/users',
  status: 401,
  code: 'INVALID_TOKEN',
  message: 'Invalid or expired access token'
}
❌ API Error {
  requestId: '333fc522-21af-4e5f-a7f7-a7c87c8f55d1',
  method: 'GET',
  path: '/api/admin/users',
  status: 401,
  code: 'INVALID_TOKEN',
  message: 'Invalid or expired access token'
}
❌ API Error {
  requestId: '3fdbc000-ade6-4c9a-b840-3a5277970f02',
  method: 'GET',
  path: '/api/admin/users',
  status: 401,
  code: 'INVALID_TOKEN',
  message: 'Invalid or expired access token'
}
❌ API Error {
  requestId: '5df12c24-d01e-4e34-9e69-8dccd9067a7b',
  method: 'GET',
  path: '/api/admin/users',
  status: 401,
  code: 'INVALID_TOKEN',
  message: 'Invalid or expired access token'
}
❌ API Error {
  requestId: '330ca53e-a01a-4178-a71a-669b677315b1',
  method: 'GET',
  path: '/api/admin/users',
  status: 401,
  code: 'INVALID_TOKEN',
  message: 'Invalid or expired access token'
}
❌ API Error {
  requestId: '3de00531-03af-4e8a-bbf7-b624916c3bf2',
  method: 'GET',
  path: '/api/admin/users',
  status: 401,
  code: 'INVALID_TOKEN',
  message: 'Invalid or expired access token'
}
❌ API Error {
  requestId: '4c34997c-c8b7-41bc-af1e-e67ad0e701c0',
  method: 'GET',
  path: '/api/admin/users',
  status: 401,
  code: 'INVALID_TOKEN',
  message: 'Invalid or expired access token'
}
❌ API Error {
  requestId: '7e07adc7-efd2-4d6c-9b8a-a7ae855690af',
  method: 'GET',
  path: '/api/admin/users',
  status: 401,
  code: 'INVALID_TOKEN',
  message: 'Invalid or expired access token'
}
❌ API Error {
  requestId: 'a0f826eb-ef1c-40ef-811e-40943d4423c8',
  method: 'GET',
  path: '/api/admin/users',
  status: 401,
  code: 'INVALID_TOKEN',
  message: 'Invalid or expired access token'
}
❌ API Error {
  requestId: 'f0a933f7-1e9b-4253-93a0-215c14723c5b',
  method: 'GET',
  path: '/api/admin/users',
  status: 401,
  code: 'INVALID_TOKEN',
  message: 'Invalid or expired access token'
}
❌ API Error {
  requestId: 'f1396d7b-d67e-4ac6-8045-c7982129dcc5',
  method: 'GET',
  path: '/api/admin/users',
  status: 401,
  code: 'INVALID_TOKEN',
  message: 'Invalid or expired access token'
}
❌ API Error {
  requestId: 'e1f69bde-5e71-4fd8-8072-5fbb5466af1e',
  method: 'GET',
  path: '/api/admin/users',
  status: 401,
  code: 'INVALID_TOKEN',
  message: 'Invalid or expired access token'
}
❌ API Error {
  requestId: '833a22f0-0596-4843-99ea-6e4a6ae677d2',
  method: 'GET',
  path: '/api/admin/users',
  status: 401,
  code: 'INVALID_TOKEN',
  message: 'Invalid or expired access token'
}
❌ API Error {
  requestId: '27e78bbe-8e17-4cf4-b071-53327b13b8fc',
  method: 'GET',
  path: '/api/admin/users',
  status: 401,
  code: 'INVALID_TOKEN',
  message: 'Invalid or expired access token'
}
❌ API Error {
  requestId: 'e43f047a-1bce-4bba-868e-b2a7be611e42',
  method: 'GET',
  path: '/api/admin/users',
  status: 401,
  code: 'INVALID_TOKEN',
  message: 'Invalid or expired access token'
}
❌ API Error {
  requestId: '2e776b39-e589-4b70-83f6-8aee84ef591b',
  method: 'GET',
  path: '/api/admin/users',
  status: 401,
  code: 'INVALID_TOKEN',
  message: 'Invalid or expired access token'
}
❌ API Error {
  requestId: 'c03dbe00-7cc2-4e59-8f66-2ea0fa03e13a',
  method: 'GET',
  path: '/api/admin/users',
  status: 401,
  code: 'INVALID_TOKEN',
  message: 'Invalid or expired access token'
}
❌ API Error {
  requestId: '80f44a74-7fc7-4d05-b3c3-e692c2a017ea',
  method: 'GET',
  path: '/api/admin/users',
  status: 401,
  code: 'INVALID_TOKEN',
  message: 'Invalid or expired access token'
}
❌ API Error {
  requestId: 'efd672f4-ba28-4a94-a942-55eca96784b8',
  method: 'GET',
  path: '/api/admin/users',
  status: 401,
  code: 'INVALID_TOKEN',
  message: 'Invalid or expired access token'
}
❌ API Error {
  requestId: '99c4622e-fd14-47ed-9035-8aa4c92eed37',
  method: 'GET',
  path: '/api/admin/users',
  status: 401,
  code: 'INVALID_TOKEN',
  message: 'Invalid or expired access token'
}
❌ API Error {
  requestId: 'f91a2bad-9dc7-49da-8c4b-98d91844f6f7',
  method: 'GET',
  path: '/api/admin/users',
  status: 401,
  code: 'INVALID_TOKEN',
  message: 'Invalid or expired access token'
}
❌ API Error {
  requestId: 'be5d9b42-b6fa-4b7c-9f81-7c320c63610d',
  method: 'GET',
  path: '/api/admin/users',
  status: 401,
  code: 'INVALID_TOKEN',
  message: 'Invalid or expired access token'
}
❌ API Error {
  requestId: '9b3bc994-aa90-46a7-8b50-b52e14486066',
  method: 'GET',
  path: '/api/admin/users',
  status: 401,
  code: 'INVALID_TOKEN',
  message: 'Invalid or expired access token'
}
❌ API Error {
  requestId: 'a3b0d544-0888-4940-8193-54c87030e8bc',
  method: 'GET',
  path: '/api/admin/users',
  status: 401,
  code: 'INVALID_TOKEN',
  message: 'Invalid or expired access token'
}
❌ API Error {
  requestId: 'f1e37683-e174-441f-8632-d95181aff5ed',
  method: 'GET',
  path: '/api/admin/users',
  status: 401,
  code: 'INVALID_TOKEN',
  message: 'Invalid or expired access token'
}
❌ API Error {
  requestId: '5b868b0b-013e-40db-9fe0-45242f582b8c',
  method: 'GET',
  path: '/api/admin/users',
  status: 401,
  code: 'INVALID_TOKEN',
  message: 'Invalid or expired access token'
}
❌ API Error {
  requestId: '3ee86f0e-7e2f-449b-b199-6f08bfa8a6ef',
  method: 'GET',
  path: '/api/admin/users',
  status: 401,
  code: 'INVALID_TOKEN',
  message: 'Invalid or expired access token'
}
❌ API Error {
  requestId: '94864d67-bb02-4f87-8cdc-b57208a5e552',
  method: 'GET',
  path: '/api/admin/users',
  status: 401,
  code: 'INVALID_TOKEN',
  message: 'Invalid or expired access token'
}
❌ API Error {
  requestId: '4d1f2054-0eb5-44c9-81d3-65d329621773',
  method: 'GET',
  path: '/api/admin/users',
  status: 401,
  code: 'INVALID_TOKEN',
  message: 'Invalid or expired access token'
}
❌ API Error {
  requestId: '143630d2-ef75-4d21-bb1d-22adcda6808c',
  method: 'GET',
  path: '/api/admin/users',
  status: 401,
  code: 'INVALID_TOKEN',
  message: 'Invalid or expired access token'
}
❌ API Error {
  requestId: '23270bcb-e765-42f6-9d07-de8d3caf7c89',
  method: 'GET',
  path: '/api/admin/users',
  status: 401,
  code: 'INVALID_TOKEN',
  message: 'Invalid or expired access token'
}
❌ API Error {
  requestId: '255620c7-e258-400e-89fb-9fbb41664791',
  method: 'GET',
  path: '/api/admin/users',
  status: 401,
  code: 'INVALID_TOKEN',
  message: 'Invalid or expired access token'
}
❌ API Error {
  requestId: 'f8d36ad0-0edf-4a32-b168-48c061505a67',
  method: 'GET',
  path: '/api/admin/users',
  status: 401,
  code: 'INVALID_TOKEN',
  message: 'Invalid or expired access token'
}
❌ API Error {
  requestId: 'fc6bc04e-f96f-45d9-a17c-bfbed7f9d6a4',
  method: 'GET',
  path: '/api/admin/users',
  status: 401,
  code: 'INVALID_TOKEN',
  message: 'Invalid or expired access token'
}
❌ API Error {
  requestId: 'abe2691b-10ca-4417-a5bb-9a007a0f9690',
  method: 'GET',
  path: '/api/admin/users',
  status: 401,
  code: 'INVALID_TOKEN',
  message: 'Invalid or expired access token'
}
❌ API Error {
  requestId: 'a4336f4f-c7fb-409e-85d6-7b26f11eabfc',
  method: 'GET',
  path: '/api/admin/users',
  status: 401,
  code: 'INVALID_TOKEN',
  message: 'Invalid or expired access token'
}
❌ API Error {
  requestId: '53a1cf28-f571-49e0-9f30-f32bed0e4c76',
  method: 'GET',
  path: '/api/admin/users',
  status: 401,
  code: 'INVALID_TOKEN',
  message: 'Invalid or expired access token'
}
❌ API Error {
  requestId: '62537382-3b20-49d8-a5ec-152b2b93ca2f',
  method: 'GET',
  path: '/api/admin/users',
  status: 401,
  code: 'INVALID_TOKEN',
  message: 'Invalid or expired access token'
}
❌ API Error {
  requestId: 'baf242a8-fa76-4cb0-8d09-82d48b2633aa',
  method: 'GET',
  path: '/api/admin/users',
  status: 401,
  code: 'INVALID_TOKEN',
  message: 'Invalid or expired access token'
}
❌ API Error {
  requestId: 'e08349c7-32dc-4018-9671-309481054aa9',
  method: 'GET',
  path: '/api/admin/users',
  status: 401,
  code: 'INVALID_TOKEN',
  message: 'Invalid or expired access token'
}
❌ API Error {
  requestId: 'e41d7bf5-bfd6-4960-b09a-131691c72e84',
  method: 'GET',
  path: '/api/admin/users',
  status: 401,
  code: 'INVALID_TOKEN',
  message: 'Invalid or expired access token'
}
❌ API Error {
  requestId: '15e6e5b7-56c3-4c52-9397-f4c52a1385e1',
  method: 'GET',
  path: '/api/admin/users',
  status: 401,
  code: 'INVALID_TOKEN',
  message: 'Invalid or expired access token'
}
❌ API Error {
  requestId: '5cecf69b-a362-4561-a7dd-57f96a03725b',
  method: 'GET',
  path: '/api/admin/users',
  status: 401,
  code: 'INVALID_TOKEN',
  message: 'Invalid or expired access token'
}
❌ API Error {
  requestId: '619f022f-f879-4b41-b90e-97fff239fa73',
  method: 'GET',
  path: '/api/admin/users',
  status: 401,
  code: 'INVALID_TOKEN',
  message: 'Invalid or expired access token'
}
❌ API Error {
  requestId: '374d6f80-6b11-40fe-9cb6-0b54cd0e17c7',
  method: 'GET',
  path: '/api/admin/users',
  status: 401,
  code: 'INVALID_TOKEN',
  message: 'Invalid or expired access token'
}
❌ API Error {
  requestId: 'abfeef19-3f20-4605-9716-5138b397d136',
  method: 'GET',
  path: '/api/admin/users',
  status: 401,
  code: 'INVALID_TOKEN',
  message: 'Invalid or expired access token'
}
❌ API Error {
  requestId: 'c0e396c8-a15e-48ef-aa60-c8dc14c095a8',
  method: 'GET',
  path: '/api/admin/users',
  status: 401,
  code: 'INVALID_TOKEN',
  message: 'Invalid or expired access token'
}
❌ API Error {
  requestId: '29316593-e1ba-4953-990a-f59ddddf44fd',
  method: 'GET',
  path: '/api/admin/users',
  status: 401,
  code: 'INVALID_TOKEN',
  message: 'Invalid or expired access token'
}
❌ API Error {
  requestId: '491c399a-8f21-4b71-a03a-662d2b3d12ba',
  method: 'GET',
  path: '/api/admin/users',
  status: 401,
  code: 'INVALID_TOKEN',
  message: 'Invalid or expired access token'
}
❌ API Error {
  requestId: 'f90879bd-512d-439b-9cef-b86e0519301a',
  method: 'GET',
  path: '/api/admin/users',
  status: 401,
  code: 'INVALID_TOKEN',
  message: 'Invalid or expired access token'
}
❌ API Error {
  requestId: 'e5cbc6d0-7c9e-4355-af18-23922a795e14',
  method: 'GET',
  path: '/api/admin/users',
  status: 401,
  code: 'INVALID_TOKEN',
  message: 'Invalid or expired access token'
}
❌ API Error {
  requestId: '4d0017b3-e667-4ff8-9e91-5f8e80730c39',
  method: 'GET',
  path: '/api/admin/users',
  status: 401,
  code: 'INVALID_TOKEN',
  message: 'Invalid or expired access token'
}
❌ API Error {
  requestId: 'cbb950fd-16b2-4a77-b49f-367ebb016dcc',
  method: 'GET',
  path: '/api/admin/users',
  status: 401,
  code: 'INVALID_TOKEN',
  message: 'Invalid or expired access token'
}
❌ API Error {
  requestId: '9d280f70-657c-4e97-80c9-86c8484886b8',
  method: 'GET',
  path: '/api/admin/users',
  status: 401,
  code: 'INVALID_TOKEN',
  message: 'Invalid or expired access token'
}
❌ API Error {
  requestId: '686e0565-f52a-4793-87c8-d89a406a102f',
  method: 'GET',
  path: '/api/admin/users',
  status: 401,
  code: 'INVALID_TOKEN',
  message: 'Invalid or expired access token'
}
❌ API Error {
  requestId: 'b23c715e-7539-4c58-a0f8-c6a09428b03c',
  method: 'GET',
  path: '/api/admin/users',
  status: 401,
  code: 'INVALID_TOKEN',
  message: 'Invalid or expired access token'
}
❌ API Error {
  requestId: 'edddcefe-d208-484b-916a-b788f5871f72',
  method: 'GET',
  path: '/api/admin/users',
  status: 401,
  code: 'INVALID_TOKEN',
  message: 'Invalid or expired access token'
}
❌ API Error {
  requestId: 'a538ae1f-c144-4ff2-a8f4-ea01b66a7c27',
  method: 'GET',
  path: '/api/admin/users',
  status: 401,
  code: 'INVALID_TOKEN',
  message: 'Invalid or expired access token'
}
❌ API Error {
  requestId: '0eb401ef-12f8-49ec-9bbb-a70e70315548',
  method: 'GET',
  path: '/api/admin/users',
  status: 401,
  code: 'INVALID_TOKEN',
  message: 'Invalid or expired access token'
}
❌ API Error {
  requestId: '1476fcfb-4ff4-4cc8-aa27-7c66e0819e66',
  method: 'GET',
  path: '/api/admin/users',
  status: 401,
  code: 'INVALID_TOKEN',
  message: 'Invalid or expired access token'
}
❌ API Error {
  requestId: 'ba8476da-9eb0-4e72-aecb-49af35c289fb',
  method: 'GET',
  path: '/api/admin/users',
  status: 401,
  code: 'INVALID_TOKEN',
  message: 'Invalid or expired access token'
}
❌ API Error {
  requestId: 'c8a2624e-baf7-46d4-8180-a3abd4c6ccd5',
  method: 'GET',
  path: '/api/admin/users',
  status: 401,
  code: 'INVALID_TOKEN',
  message: 'Invalid or expired access token'
}
❌ API Error {
  requestId: '790e9b94-8de8-42d7-8a90-e3094a32181a',
  method: 'GET',
  path: '/api/admin/users',
  status: 401,
  code: 'INVALID_TOKEN',
  message: 'Invalid or expired access token'
}
❌ API Error {
  requestId: '71cc6e1d-1420-4af6-9daa-76000e57376b',
  method: 'GET',
  path: '/api/admin/users',
  status: 401,
  code: 'INVALID_TOKEN',
  message: 'Invalid or expired access token'
}
❌ API Error {
  requestId: 'd12b1b0c-c6b5-4bfc-8cb1-e96d2c9fe5ad',
  method: 'GET',
  path: '/api/admin/users',
  status: 401,
  code: 'INVALID_TOKEN',
  message: 'Invalid or expired access token'
}
❌ API Error {
  requestId: '9b8e4db0-8704-47ca-a35a-07c4f3d9d964',
  method: 'GET',
  path: '/api/admin/users',
  status: 401,
  code: 'INVALID_TOKEN',
  message: 'Invalid or expired access token'
}
❌ API Error {
  requestId: '24012b77-b2fc-41de-8ab4-ae3beea8dabc',
  method: 'GET',
  path: '/api/admin/users',
  status: 401,
  code: 'INVALID_TOKEN',
  message: 'Invalid or expired access token'
}
❌ API Error {
  requestId: '9db101a1-621a-4d1a-8baa-bb45837201d8',
  method: 'GET',
  path: '/api/admin/users',
  status: 401,
  code: 'INVALID_TOKEN',
  message: 'Invalid or expired access token'
}
❌ API Error {
  requestId: 'b9d64390-4ef0-44cb-830a-cdc0f0ad9d7a',
  method: 'GET',
  path: '/api/admin/users',
  status: 401,
  code: 'INVALID_TOKEN',
  message: 'Invalid or expired access token'
}
❌ API Error {
  requestId: 'a718e680-bb01-47a6-9518-c7d3c95a1b42',
  method: 'GET',
  path: '/api/admin/users',
  status: 401,
  code: 'INVALID_TOKEN',
  message: 'Invalid or expired access token'
}
❌ API Error {
  requestId: '986f09f7-0b4c-4b7d-b1a8-5b19fa59f567',
  method: 'GET',
  path: '/api/admin/users',
  status: 401,
  code: 'INVALID_TOKEN',
  message: 'Invalid or expired access token'
}
❌ API Error {
  requestId: '1b14e2ab-3905-4195-a5a3-81f8867b550f',
  method: 'GET',
  path: '/api/admin/users',
  status: 401,
  code: 'INVALID_TOKEN',
  message: 'Invalid or expired access token'
}
❌ API Error {
  requestId: 'ce3f58f7-042a-4734-94f4-e30674c236eb',
  method: 'GET',
  path: '/api/admin/users',
  status: 401,
  code: 'INVALID_TOKEN',
  message: 'Invalid or expired access token'
}
❌ API Error {
  requestId: 'd74a94c6-8139-4577-ae2f-a90110723c48',
  method: 'GET',
  path: '/api/admin/users',
  status: 401,
  code: 'INVALID_TOKEN',
  message: 'Invalid or expired access token'
}
❌ API Error {
  requestId: 'd2ccf9a2-bcf3-42ea-a85f-03bdceeeaeec',
  method: 'GET',
  path: '/api/admin/users',
  status: 401,
  code: 'INVALID_TOKEN',
  message: 'Invalid or expired access token'
}
❌ API Error {
  requestId: '85d29267-7abe-46ac-a03b-5e65ea728412',
  method: 'GET',
  path: '/api/admin/users',
  status: 401,
  code: 'INVALID_TOKEN',
  message: 'Invalid or expired access token'
}
❌ API Error {
  requestId: '67d3310e-07cd-4ec7-a3c0-65cb3f14fbc6',
  method: 'GET',
  path: '/api/admin/users',
  status: 401,
  code: 'INVALID_TOKEN',
  message: 'Invalid or expired access token'
}
❌ API Error {
  requestId: 'ae692dea-9010-49ec-8700-264be59abf75',
  method: 'GET',
  path: '/api/admin/users',
  status: 401,
  code: 'INVALID_TOKEN',
  message: 'Invalid or expired access token'
}
❌ API Error {
  requestId: 'c6c53bb5-3076-43d5-8ef7-255621e05714',
  method: 'GET',
  path: '/api/admin/users',
  status: 401,
  code: 'INVALID_TOKEN',
  message: 'Invalid or expired access token'
}
❌ API Error {
  requestId: 'd689466c-b492-42e2-9096-6b02c3805ec0',
  method: 'GET',
  path: '/api/admin/users',
  status: 401,
  code: 'INVALID_TOKEN',
  message: 'Invalid or expired access token'
}
❌ API Error {
  requestId: '86ccd509-86ab-4bea-accf-41251acea8c5',
  method: 'GET',
  path: '/api/admin/users',
  status: 401,
  code: 'INVALID_TOKEN',
  message: 'Invalid or expired access token'
}
❌ API Error {
  requestId: '1c317903-a998-41b7-a328-6e38c07c2347',
  method: 'GET',
  path: '/api/admin/users',
  status: 401,
  code: 'INVALID_TOKEN',
  message: 'Invalid or expired access token'
}
❌ API Error {
  requestId: '7bb6a208-b31a-4368-ac93-5d6e7a29890c',
  method: 'GET',
  path: '/api/admin/users',
  status: 401,
  code: 'INVALID_TOKEN',
  message: 'Invalid or expired access token'
}
❌ API Error {
  requestId: '88388cff-41e8-4f62-984a-019f88868105',
  method: 'GET',
  path: '/api/admin/users',
  status: 401,
  code: 'INVALID_TOKEN',
  message: 'Invalid or expired access token'
}
❌ API Error {
  requestId: '940cb29c-90dd-4c94-91d4-5c13a7053c5a',
  method: 'GET',
  path: '/api/admin/users',
  status: 401,
  code: 'INVALID_TOKEN',
  message: 'Invalid or expired access token'
}
❌ API Error {
  requestId: 'fa2fcd7a-5c20-463d-9913-e2167a96fb05',
  method: 'GET',
  path: '/api/admin/users',
  status: 401,
  code: 'INVALID_TOKEN',
  message: 'Invalid or expired access token'
}
❌ API Error {
  requestId: '39239759-a714-46fa-af5c-0aa03c13fec8',
  method: 'GET',
  path: '/api/admin/users',
  status: 401,
  code: 'INVALID_TOKEN',
  message: 'Invalid or expired access token'
}
❌ API Error {
  requestId: '6588a8fc-c2ba-4c18-b2b9-9494e6712235',
  method: 'GET',
  path: '/api/admin/users',
  status: 401,
  code: 'INVALID_TOKEN',
  message: 'Invalid or expired access token'
}
❌ API Error {
  requestId: '66618901-c34d-4261-a1d1-9c679241fe78',
  method: 'GET',
  path: '/api/admin/users',
  status: 401,
  code: 'INVALID_TOKEN',
  message: 'Invalid or expired access token'
}
❌ API Error {
  requestId: 'c28572f2-aae9-4ae7-adc9-9e8715e474b9',
  method: 'GET',
  path: '/api/admin/users',
  status: 401,
  code: 'INVALID_TOKEN',
  message: 'Invalid or expired access token'
}
❌ API Error {
  requestId: '771dfca2-e726-4e74-9bec-07b73318e4c4',
  method: 'GET',
  path: '/api/admin/users',
  status: 401,
  code: 'INVALID_TOKEN',
  message: 'Invalid or expired access token'
}
❌ API Error {
  requestId: 'c2a081e9-d1cd-49e9-a773-51db28315614',
  method: 'GET',
  path: '/api/admin/users',
  status: 401,
  code: 'INVALID_TOKEN',
  message: 'Invalid or expired access token'
}
❌ API Error {
  requestId: '3787d644-a055-4adc-bda9-aca0b2934024',
  method: 'GET',
  path: '/api/admin/users',
  status: 401,
  code: 'INVALID_TOKEN',
  message: 'Invalid or expired access token'
}
❌ API Error {
  requestId: '9e25eb48-da18-4d4e-a994-4a80897890dc',
  method: 'GET',
  path: '/api/admin/users',
  status: 401,
  code: 'INVALID_TOKEN',
  message: 'Invalid or expired access token'
}
❌ API Error {
  requestId: 'aeaf5d9a-d549-4a18-9047-ef89e33b021e',
  method: 'GET',
  path: '/api/admin/users',
  status: 401,
  code: 'INVALID_TOKEN',
  message: 'Invalid or expired access token'
}
❌ API Error {
  requestId: 'ac160914-7ca6-4154-882d-ad7e1fd06f8d',
  method: 'GET',
  path: '/api/admin/users',
  status: 401,
  code: 'INVALID_TOKEN',
  message: 'Invalid or expired access token'
}
❌ API Error {
  requestId: 'fc914b8b-151d-483e-af50-f0fd1a54da35',
  method: 'GET',
  path: '/api/admin/users',
  status: 401,
  code: 'INVALID_TOKEN',
  message: 'Invalid or expired access token'
}
❌ API Error {
  requestId: '32586cf4-9cd8-46ee-b09b-475b0db5c147',
  method: 'GET',
  path: '/api/admin/users',
  status: 401,
  code: 'INVALID_TOKEN',
  message: 'Invalid or expired access token'
}
❌ API Error {
  requestId: 'd3d079cc-37f1-4ecd-9d31-e16ec31d8ec6',
  method: 'GET',
  path: '/api/admin/users',
  status: 401,
  code: 'INVALID_TOKEN',
  message: 'Invalid or expired access token'
}
❌ API Error {
  requestId: 'e6acdb06-e321-4892-a8a3-7c0e8a41a90b',
  method: 'GET',
  path: '/api/admin/users',
  status: 401,
  code: 'INVALID_TOKEN',
  message: 'Invalid or expired access token'
}
❌ API Error {
  requestId: '0e847b90-7cdd-40cc-906e-7bbf5c9f9541',
  method: 'GET',
  path: '/api/admin/users',
  status: 401,
  code: 'INVALID_TOKEN',
  message: 'Invalid or expired access token'
}
❌ API Error {
  requestId: 'b44344b3-74da-4e71-bbfa-436a2cdd0b2d',
  method: 'GET',
  path: '/api/admin/users',
  status: 401,
  code: 'INVALID_TOKEN',
  message: 'Invalid or expired access token'
}
❌ API Error {
  requestId: '8904c332-a75f-49ae-b9de-47957fc230c7',
  method: 'GET',
  path: '/api/admin/users',
  status: 401,
  code: 'INVALID_TOKEN',
  message: 'Invalid or expired access token'
}
❌ API Error {
  requestId: 'cb244f8e-f89e-4df8-84f6-4da064a2ec85',
  method: 'GET',
  path: '/api/admin/users',
  status: 401,
  code: 'INVALID_TOKEN',
  message: 'Invalid or expired access token'
}
❌ API Error {
  requestId: 'e23c293b-4998-481d-97f7-3a03543cc803',
  method: 'GET',
  path: '/api/admin/users',
  status: 401,
  code: 'INVALID_TOKEN',
  message: 'Invalid or expired access token'
}
❌ API Error {
  requestId: '0ce96501-7b11-4a6a-bf41-f891b035fe41',
  method: 'GET',
  path: '/api/admin/users',
  status: 401,
  code: 'INVALID_TOKEN',
  message: 'Invalid or expired access token'
}
❌ API Error {
  requestId: 'b5b47637-efd4-44c4-bf73-ae1719f2ef75',
  method: 'GET',
  path: '/api/admin/users',
  status: 401,
  code: 'INVALID_TOKEN',
  message: 'Invalid or expired access token'
}
❌ API Error {
  requestId: '13e232af-56b1-4a8c-8dc8-b65236f67869',
  method: 'GET',
  path: '/api/admin/users',
  status: 401,
  code: 'INVALID_TOKEN',
  message: 'Invalid or expired access token'
}
❌ API Error {
  requestId: '5ace48be-86cb-4999-bbe5-da82709f66f8',
  method: 'GET',
  path: '/api/admin/users',
  status: 401,
  code: 'INVALID_TOKEN',
  message: 'Invalid or expired access token'
}
❌ API Error {
  requestId: '4bf6bb7b-7d44-4c24-90e3-139272ad4422',
  method: 'GET',
  path: '/api/admin/users',
  status: 401,
  code: 'INVALID_TOKEN',
  message: 'Invalid or expired access token'
}
❌ API Error {
  requestId: '50479403-c1a9-4cdb-80ad-dce8a4eb0c7e',
  method: 'GET',
  path: '/api/admin/users',
  status: 401,
  code: 'INVALID_TOKEN',
  message: 'Invalid or expired access token'
}
❌ API Error {
  requestId: '26408524-b565-4111-a0eb-e1e60d9b9934',
  method: 'GET',
  path: '/api/admin/users',
  status: 401,
  code: 'INVALID_TOKEN',
  message: 'Invalid or expired access token'
}
❌ API Error {
  requestId: 'a20b121f-66e9-4415-afaf-3ae8872ba4d7',
  method: 'GET',
  path: '/api/admin/users',
  status: 401,
  code: 'INVALID_TOKEN',
  message: 'Invalid or expired access token'
}
❌ API Error {
  requestId: '1d3a7f66-76e2-4417-ac3e-af1f6fb048a9',
  method: 'GET',
  path: '/api/admin/users',
  status: 401,
  code: 'INVALID_TOKEN',
  message: 'Invalid or expired access token'
}
❌ API Error {
  requestId: '5930b101-a886-4dec-9ea1-419f78e96e9a',
  method: 'GET',
  path: '/api/admin/users',
  status: 401,
  code: 'INVALID_TOKEN',
  message: 'Invalid or expired access token'
}
❌ API Error {
  requestId: '1ead1e02-e3a6-4d74-bc20-d7f6b57ea308',
  method: 'GET',
  path: '/api/admin/users',
  status: 401,
  code: 'INVALID_TOKEN',
  message: 'Invalid or expired access token'
}
❌ API Error {
  requestId: '2ec914a1-59a8-46a6-8a5a-494d6f008e6a',
  method: 'GET',
  path: '/api/admin/users',
  status: 401,
  code: 'INVALID_TOKEN',
  message: 'Invalid or expired access token'
}
❌ API Error {
  requestId: '8d4ec666-9d65-49cf-92c8-157b1fc9483e',
  method: 'GET',
  path: '/api/admin/users',
  status: 401,
  code: 'INVALID_TOKEN',
  message: 'Invalid or expired access token'
}
❌ API Error {
  requestId: '38423126-98fb-4a32-b843-2d7d0312b1ab',
  method: 'GET',
  path: '/api/admin/users',
  status: 401,
  code: 'INVALID_TOKEN',
  message: 'Invalid or expired access token'
}
❌ API Error {
  requestId: '999733d6-34c9-4853-8bc9-0031e72a8ce4',
  method: 'GET',
  path: '/api/admin/users',
  status: 401,
  code: 'INVALID_TOKEN',
  message: 'Invalid or expired access token'
}
❌ API Error {
  requestId: 'e920b66d-6568-4da6-9d09-4dc3d7af1f06',
  method: 'GET',
  path: '/api/admin/users',
  status: 401,
  code: 'INVALID_TOKEN',
  message: 'Invalid or expired access token'
}
❌ API Error {
  requestId: 'fe3ce486-d8ca-4779-9ddc-fc8c16961990',
  method: 'GET',
  path: '/api/admin/users',
  status: 401,
  code: 'INVALID_TOKEN',
  message: 'Invalid or expired access token'
}
❌ API Error {
  requestId: '6ecddfe3-d51c-427f-941a-e3da0948768c',
  method: 'GET',
  path: '/api/admin/users',
  status: 401,
  code: 'INVALID_TOKEN',
  message: 'Invalid or expired access token'
}
❌ API Error {
  requestId: '1552f18f-3e15-42ae-9280-b2184e1cd356',
  method: 'GET',
  path: '/api/admin/users',
  status: 401,
  code: 'INVALID_TOKEN',
  message: 'Invalid or expired access token'
}
❌ API Error {
  requestId: '6afd360e-22e0-455f-872a-c33fdd5877bd',
  method: 'GET',
  path: '/api/admin/users',
  status: 401,
  code: 'INVALID_TOKEN',
  message: 'Invalid or expired access token'
}
❌ API Error {
  requestId: 'f7f145f7-91f5-4a3b-bbc8-db268ab0f535',
  method: 'GET',
  path: '/api/admin/users',
  status: 401,
  code: 'INVALID_TOKEN',
  message: 'Invalid or expired access token'
}
❌ API Error {
  requestId: '2a7305be-7ffd-42a6-b1e7-1c1a646f787e',
  method: 'GET',
  path: '/api/admin/users',
  status: 401,
  code: 'INVALID_TOKEN',
  message: 'Invalid or expired access token'
}
❌ API Error {
  requestId: 'ab62ad3a-6a82-44cd-bd85-271664b3af2b',
  method: 'GET',
  path: '/api/admin/users',
  status: 401,
  code: 'INVALID_TOKEN',
  message: 'Invalid or expired access token'
}
❌ API Error {
  requestId: '6aeb0e3e-405e-43a1-9eaf-d2c7bf87f6c1',
  method: 'GET',
  path: '/api/admin/users',
  status: 401,
  code: 'INVALID_TOKEN',
  message: 'Invalid or expired access token'
}
❌ API Error {
  requestId: '1d797c54-56ed-4ec7-a27d-ada77e4ccc0d',
  method: 'GET',
  path: '/api/admin/users',
  status: 401,
  code: 'INVALID_TOKEN',
  message: 'Invalid or expired access token'
}
❌ API Error {
  requestId: '7b4ea360-6c14-422e-9419-546da3973c05',
  method: 'GET',
  path: '/api/admin/users',
  status: 401,
  code: 'INVALID_TOKEN',
  message: 'Invalid or expired access token'
}
❌ API Error {
  requestId: '748ec4fe-c91c-4e02-ae4b-7b4844bae0e4',
  method: 'GET',
  path: '/api/admin/users',
  status: 401,
  code: 'INVALID_TOKEN',
  message: 'Invalid or expired access token'
}
❌ API Error {
  requestId: 'daf37c4d-14ac-4017-bd6d-6590c56315c3',
  method: 'GET',
  path: '/api/admin/users',
  status: 401,
  code: 'INVALID_TOKEN',
  message: 'Invalid or expired access token'
}
❌ API Error {
  requestId: '349f8c1a-a051-4fca-92fe-e78001d7fdbe',
  method: 'GET',
  path: '/api/admin/users',
  status: 401,
  code: 'INVALID_TOKEN',
  message: 'Invalid or expired access token'
}
❌ API Error {
  requestId: 'bc67e12e-a522-44ce-ae5b-f0dc183e651a',
  method: 'GET',
  path: '/api/admin/users',
  status: 401,
  code: 'INVALID_TOKEN',
  message: 'Invalid or expired access token'
}
❌ API Error {
  requestId: 'c5f29f1c-3195-4abb-a624-211f3c5d5685',
  method: 'GET',
  path: '/api/admin/users',
  status: 401,
  code: 'INVALID_TOKEN',
  message: 'Invalid or expired access token'
}
❌ API Error {
  requestId: '76266dc0-51ff-46f4-8aff-005c8c2eb0e6',
  method: 'GET',
  path: '/api/admin/users',
  status: 401,
  code: 'INVALID_TOKEN',
  message: 'Invalid or expired access token'
}
❌ API Error {
  requestId: '7f4b3655-8edb-4c34-a1a7-e9bf1bae945c',
  method: 'GET',
  path: '/api/admin/users',
  status: 401,
  code: 'INVALID_TOKEN',
  message: 'Invalid or expired access token'
}
❌ API Error {
  requestId: 'dafde528-f3d9-4648-bd69-4249c3950afe',
  method: 'GET',
  path: '/api/admin/users',
  status: 401,
  code: 'INVALID_TOKEN',
  message: 'Invalid or expired access token'
}
❌ API Error {
  requestId: 'f1256113-9ce7-4781-9991-60cdd6ee2944',
  method: 'GET',
  path: '/api/admin/users',
  status: 401,
  code: 'INVALID_TOKEN',
  message: 'Invalid or expired access token'
}
❌ API Error {
  requestId: '1eb1159b-d72b-490f-8233-2b3bbd76655c',
  method: 'GET',
  path: '/api/admin/users',
  status: 401,
  code: 'INVALID_TOKEN',
  message: 'Invalid or expired access token'
}
❌ API Error {
  requestId: '30a335c4-ea10-4421-a1d3-6a3ca9e351a7',
  method: 'GET',
  path: '/api/admin/users',
  status: 401,
  code: 'INVALID_TOKEN',
  message: 'Invalid or expired access token'
}
❌ API Error {
  requestId: '9f8cc35d-0ca8-4e6d-8f35-8428302b2d53',
  method: 'GET',
  path: '/api/admin/users',
  status: 401,
  code: 'INVALID_TOKEN',
  message: 'Invalid or expired access token'
}
❌ API Error {
  requestId: '35c2ec6c-234d-447c-a350-0e08604e6909',
  method: 'GET',
  path: '/api/admin/users',
  status: 401,
  code: 'INVALID_TOKEN',
  message: 'Invalid or expired access token'
}
❌ API Error {
  requestId: '98ce70e8-6f51-4671-ba6f-7843fed0c284',
  method: 'GET',
  path: '/api/admin/users',
  status: 401,
  code: 'INVALID_TOKEN',
  message: 'Invalid or expired access token'
}
❌ API Error {
  requestId: '2bfb1e07-b8f9-42b1-b926-3a64e7a854d1',
  method: 'GET',
  path: '/api/admin/users',
  status: 401,
  code: 'INVALID_TOKEN',
  message: 'Invalid or expired access token'
}
❌ API Error {
  requestId: '10fcc160-9485-4045-9422-6f46db31fc89',
  method: 'GET',
  path: '/api/admin/users',
  status: 401,
  code: 'INVALID_TOKEN',
  message: 'Invalid or expired access token'
}
❌ API Error {
  requestId: '0446d80c-2b5c-4159-8cac-4dfadbe80c2b',
  method: 'GET',
  path: '/api/admin/users',
  status: 401,
  code: 'INVALID_TOKEN',
  message: 'Invalid or expired access token'
}
❌ API Error {
  requestId: 'a511c118-e28c-42eb-99ff-6c89c04bc016',
  method: 'GET',
  path: '/api/admin/users',
  status: 401,
  code: 'INVALID_TOKEN',
  message: 'Invalid or expired access token'
}
❌ API Error {
  requestId: '8d135118-bc8d-412d-ab55-82415cb2fc8c',
  method: 'GET',
  path: '/api/admin/users',
  status: 401,
  code: 'INVALID_TOKEN',
  message: 'Invalid or expired access token'
}
❌ API Error {
  requestId: 'a74d87eb-764d-49f5-a8b1-0f83d8b2ab1e',
  method: 'GET',
  path: '/api/admin/users',
  status: 401,
  code: 'INVALID_TOKEN',
  message: 'Invalid or expired access token'
}
❌ API Error {
  requestId: '2addb1ad-b0fb-4ba1-94f9-6dac454c8fb2',
  method: 'GET',
  path: '/api/admin/users',
  status: 401,
  code: 'INVALID_TOKEN',
  message: 'Invalid or expired access token'
}
❌ API Error {
  requestId: '779a9c5d-1f13-41a3-a2fb-9bb17655bc46',
  method: 'GET',
  path: '/api/admin/users',
  status: 401,
  code: 'INVALID_TOKEN',
  message: 'Invalid or expired access token'
}
❌ API Error {
  requestId: '8e100f84-9c4e-4cd4-864b-a52e14fa5f39',
  method: 'GET',
  path: '/api/admin/users',
  status: 401,
  code: 'INVALID_TOKEN',
  message: 'Invalid or expired access token'
}
❌ API Error {
  requestId: 'bb1389c9-1842-49a1-9f84-61cd9af00a91',
  method: 'GET',
  path: '/api/admin/users',
  status: 401,
  code: 'INVALID_TOKEN',
  message: 'Invalid or expired access token'
}
❌ API Error {
  requestId: 'd10020a5-2b99-4ced-84e7-e01d4008f6aa',
  method: 'GET',
  path: '/api/admin/users',
  status: 401,
  code: 'INVALID_TOKEN',
  message: 'Invalid or expired access token'
}
❌ API Error {
  requestId: 'bb601049-2a6c-424d-8572-1989edf1bb77',
  method: 'GET',
  path: '/api/admin/users',
  status: 401,
  code: 'INVALID_TOKEN',
  message: 'Invalid or expired access token'
}
❌ API Error {
  requestId: '7fbe8ef4-4775-4dd8-ba35-cfba3ba8f313',
  method: 'GET',
  path: '/api/admin/users',
  status: 401,
  code: 'INVALID_TOKEN',
  message: 'Invalid or expired access token'
}
❌ API Error {
  requestId: '8c0de7d8-fef4-4291-bea3-6d93684986aa',
  method: 'GET',
  path: '/api/admin/users',
  status: 401,
  code: 'INVALID_TOKEN',
  message: 'Invalid or expired access token'
}
❌ API Error {
  requestId: '7ce01435-9c12-4126-90dc-89ae92a5e74d',
  method: 'GET',
  path: '/api/admin/users',
  status: 401,
  code: 'INVALID_TOKEN',
  message: 'Invalid or expired access token'
}
❌ API Error {
  requestId: '6acccfb9-9d11-490b-87ae-1ad765de3818',
  method: 'GET',
  path: '/api/admin/users',
  status: 401,
  code: 'INVALID_TOKEN',
  message: 'Invalid or expired access token'
}
❌ API Error {
  requestId: '799862bb-8ea3-4b74-ad03-dd179d8d1d0e',
  method: 'GET',
  path: '/api/admin/users',
  status: 401,
  code: 'INVALID_TOKEN',
  message: 'Invalid or expired access token'
}
❌ API Error {
  requestId: 'd68440a3-c1a6-4868-a2f2-3dc253e3952d',
  method: 'GET',
  path: '/api/admin/users',
  status: 401,
  code: 'INVALID_TOKEN',
  message: 'Invalid or expired access token'
}
❌ API Error {
  requestId: 'e12332f6-1877-4d3c-a999-dd31b2f1c51f',
  method: 'GET',
  path: '/api/admin/users',
  status: 401,
  code: 'INVALID_TOKEN',
  message: 'Invalid or expired access token'
}
❌ API Error {
  requestId: '65a06f3e-8599-4a8c-9e82-801f2c97a17b',
  method: 'GET',
  path: '/api/admin/users',
  status: 401,
  code: 'INVALID_TOKEN',
  message: 'Invalid or expired access token'
}
❌ API Error {
  requestId: '3392b4e8-65f1-4879-86d8-a05fe14b2485',
  method: 'GET',
  path: '/api/admin/users',
  status: 401,
  code: 'INVALID_TOKEN',
  message: 'Invalid or expired access token'
}
❌ API Error {
  requestId: '435e593d-3d56-4a81-8213-d8055b193876',
  method: 'GET',
  path: '/api/admin/users',
  status: 401,
  code: 'INVALID_TOKEN',
  message: 'Invalid or expired access token'
}
❌ API Error {
  requestId: '2ced8a6d-d800-41ba-af15-5e14ead0ef38',
  method: 'GET',
  path: '/api/admin/users',
  status: 401,
  code: 'INVALID_TOKEN',
  message: 'Invalid or expired access token'
}
❌ API Error {
  requestId: '26f60252-452c-4252-8985-e0af5baefa45',
  method: 'GET',
  path: '/api/admin/users',
  status: 401,
  code: 'INVALID_TOKEN',
  message: 'Invalid or expired access token'
}
❌ API Error {
  requestId: '60ef4e9c-68c5-4c23-adfd-efa5a379456f',
  method: 'GET',
  path: '/api/admin/users',
  status: 401,
  code: 'INVALID_TOKEN',
  message: 'Invalid or expired access token'
}
❌ API Error {
  requestId: '33b99d39-c978-4922-80da-c36d21dfa68d',
  method: 'GET',
  path: '/api/admin/users',
  status: 401,
  code: 'INVALID_TOKEN',
  message: 'Invalid or expired access token'
}
❌ API Error {
  requestId: 'be454996-87ef-4001-8907-0a93826ad54f',
  method: 'GET',
  path: '/api/admin/users',
  status: 401,
  code: 'INVALID_TOKEN',
  message: 'Invalid or expired access token'
}
❌ API Error {
  requestId: 'f7b48639-94bb-442d-9b82-a125a7b5a8dd',
  method: 'GET',
  path: '/api/admin/users',
  status: 401,
  code: 'INVALID_TOKEN',
  message: 'Invalid or expired access token'
}
❌ API Error {
  requestId: '87fabcf7-26ff-47d2-9068-5b713026a8b6',
  method: 'GET',
  path: '/api/admin/users',
  status: 401,
  code: 'INVALID_TOKEN',
  message: 'Invalid or expired access token'
}
❌ API Error {
  requestId: '4bfd0d78-7143-4e79-830b-4b898a756b73',
  method: 'GET',
  path: '/api/admin/users',
  status: 401,
  code: 'INVALID_TOKEN',
  message: 'Invalid or expired access token'
}
❌ API Error {
  requestId: '55b91fd6-66a4-4e5a-9c2e-3cf4e1a65359',
  method: 'GET',
  path: '/api/admin/users',
  status: 401,
  code: 'INVALID_TOKEN',
  message: 'Invalid or expired access token'
}
❌ API Error {
  requestId: '2b45c4a1-ff8e-47b5-87c9-1122c3d93b05',
  method: 'GET',
  path: '/api/admin/users',
  status: 401,
  code: 'INVALID_TOKEN',
  message: 'Invalid or expired access token'
}
❌ API Error {
  requestId: '3115414f-5983-4de3-aca3-9dbbfe158493',
  method: 'GET',
  path: '/api/admin/users',
  status: 401,
  code: 'INVALID_TOKEN',
  message: 'Invalid or expired access token'
}
❌ API Error {
  requestId: '70369b0a-7891-459d-a6ae-297d5d3ee0d4',
  method: 'GET',
  path: '/api/admin/users',
  status: 401,
  code: 'INVALID_TOKEN',
  message: 'Invalid or expired access token'
}
❌ API Error {
  requestId: '5d6cbde1-26f2-4243-a16f-32a913067437',
  method: 'GET',
  path: '/api/admin/users',
  status: 401,
  code: 'INVALID_TOKEN',
  message: 'Invalid or expired access token'
}
❌ API Error {
  requestId: '02019166-f741-4612-b10c-96ecce481106',
  method: 'GET',
  path: '/api/admin/users',
  status: 401,
  code: 'INVALID_TOKEN',
  message: 'Invalid or expired access token'
}
❌ API Error {
  requestId: 'd9e1c60f-85f8-4e47-b1e7-317a70822844',
  method: 'GET',
  path: '/api/admin/users',
  status: 401,
  code: 'INVALID_TOKEN',
  message: 'Invalid or expired access token'
}
❌ API Error {
  requestId: '26529c87-7836-4cee-8656-c3dab8ed6acb',
  method: 'GET',
  path: '/api/admin/users',
  status: 401,
  code: 'INVALID_TOKEN',
  message: 'Invalid or expired access token'
}
❌ API Error {
  requestId: 'd9c3b227-a978-4365-9470-b5f70eeff199',
  method: 'GET',
  path: '/api/admin/users',
  status: 401,
  code: 'INVALID_TOKEN',
  message: 'Invalid or expired access token'
}
❌ API Error {
  requestId: '26a7848a-a34a-4459-a56c-4c144b21428e',
  method: 'GET',
  path: '/api/admin/users',
  status: 401,
  code: 'INVALID_TOKEN',
  message: 'Invalid or expired access token'
}
❌ API Error {
  requestId: 'f449bb8c-8534-48e9-ba76-dc09d5a90346',
  method: 'GET',
  path: '/api/admin/users',
  status: 401,
  code: 'INVALID_TOKEN',
  message: 'Invalid or expired access token'
}
❌ API Error {
  requestId: '0ccdc391-d772-4cf5-a6b5-86570bd1e77c',
  method: 'GET',
  path: '/api/admin/users',
  status: 401,
  code: 'INVALID_TOKEN',
  message: 'Invalid or expired access token'
}
❌ API Error {
  requestId: '1538afa6-822b-4747-8be0-e5e99a3f6cfc',
  method: 'GET',
  path: '/api/admin/users',
  status: 401,
  code: 'INVALID_TOKEN',
  message: 'Invalid or expired access token'
}
❌ API Error {
  requestId: '95b3dcfd-0ec9-4de6-90df-a406a1855cb1',
  method: 'GET',
  path: '/api/admin/users',
  status: 401,
  code: 'INVALID_TOKEN',
  message: 'Invalid or expired access token'
}
❌ API Error {
  requestId: '6f0ca650-c290-46ea-8c84-00063f13a5dc',
  method: 'GET',
  path: '/api/admin/users',
  status: 401,
  code: 'INVALID_TOKEN',
  message: 'Invalid or expired access token'
}
❌ API Error {
  requestId: '44ff1f3a-42f0-4817-90ca-7c3e62aaf38b',
  method: 'GET',
  path: '/api/admin/users',
  status: 401,
  code: 'INVALID_TOKEN',
  message: 'Invalid or expired access token'
}
❌ API Error {
  requestId: 'd33206b9-6173-4cb3-9403-b6daf8dccf96',
  method: 'GET',
  path: '/api/admin/users',
  status: 401,
  code: 'INVALID_TOKEN',
  message: 'Invalid or expired access token'
}
❌ API Error {
  requestId: 'c5011375-ec0b-4aab-bd71-be54fcbbfe33',
  method: 'GET',
  path: '/api/admin/users',
  status: 401,
  code: 'INVALID_TOKEN',
  message: 'Invalid or expired access token'
}
❌ API Error {
  requestId: 'b266ba18-d1a7-4da2-853f-9b1a6784ab3c',
  method: 'GET',
  path: '/api/admin/users',
  status: 401,
  code: 'INVALID_TOKEN',
  message: 'Invalid or expired access token'
}
❌ API Error {
  requestId: '425f35d7-960b-4e9f-90c7-edae7214bb77',
  method: 'GET',
  path: '/api/admin/users',
  status: 401,
  code: 'INVALID_TOKEN',
  message: 'Invalid or expired access token'
}
